Rc files read (in order):
  NONE
Latexmk: This is Latexmk, John Collins, 9 March 2026. Version 4.88.
No existing .aux file, so I'll make a simple one, and require run of *latex.
Latexmk: applying rule 'pdflatex'...
Rule 'pdflatex':  Reasons for rerun
Category 'other':
  Rerun of 'pdflatex' forced or previously required:
    Reason or flag: 'Initial setup'

------------
Run number 1 of rule 'pdflatex'
------------
------------
Running 'pdflatex  -interaction=nonstopmode -halt-on-error -recorder  "main.tex"'
------------
This is pdfTeX, Version 3.141592653-2.6-1.40.29 (TeX Live 2026) (preloaded format=pdflatex)
 restricted \write18 enabled.
entering extended mode
(./main.tex
LaTeX2e <2026-06-01>
L3 programming layer <2026-08-10>
(/home/xing/.TinyTeX/texmf-dist/tex/latex/base/article.cls
Document Class: article 2025/01/22 v1.4n Standard LaTeX document class
(/home/xing/.TinyTeX/texmf-dist/tex/latex/base/size11.clo)) (/home/xing/.TinyTeX/texmf-dist/tex/latex/lm/lmodern.sty) (/home/xing/.TinyTeX/texmf-dist/tex/latex/base/fontenc.sty (/home/xing/.TinyTeX/texmf-dist/tex/latex/lm/t1lmr.fd)) (/home/xing/.TinyTeX/texmf-dist/tex/latex/base/inputenc.sty) (/home/xing/.TinyTeX/texmf-dist/tex/latex/geometry/geometry.sty (/home/xing/.TinyTeX/texmf-dist/tex/latex/graphics/keyval.sty) (/home/xing/.TinyTeX/texmf-dist/tex/generic/iftex/ifvtex.sty (/home/xing/.TinyTeX/texmf-dist/tex/generic/iftex/iftex.sty))) (/home/xing/.TinyTeX/texmf-dist/tex/latex/amsfonts/amssymb.sty (/home/xing/.TinyTeX/texmf-dist/tex/latex/amsfonts/amsfonts.sty)) (/home/xing/.TinyTeX/texmf-dist/tex/latex/enumitem/enumitem.sty) (/home/xing/.TinyTeX/texmf-dist/tex/latex/caption/caption.sty (/home/xing/.TinyTeX/texmf-dist/tex/latex/caption/caption3.sty)) (/home/xing/.TinyTeX/texmf-dist/tex/latex/fancyhdr/fancyhdr.sty) (/home/xing/.TinyTeX/texmf-dist/tex/latex/hyperref/hyperref.sty (/home/xing/.TinyTeX/texmf-dist/tex/latex/kvsetkeys/kvsetkeys.sty) (/home/xing/.TinyTeX/texmf-dist/tex/generic/kvdefinekeys/kvdefinekeys.sty) (/home/xing/.TinyTeX/texmf-dist/tex/generic/pdfescape/pdfescape.sty (/home/xing/.TinyTeX/texmf-dist/tex/generic/ltxcmds/ltxcmds.sty) (/home/xing/.TinyTeX/texmf-dist/tex/generic/pdftexcmds/pdftexcmds.sty (/home/xing/.TinyTeX/texmf-dist/tex/generic/infwarerr/infwarerr.sty))) (/home/xing/.TinyTeX/texmf-dist/tex/latex/hycolor/hycolor.sty) (/home/xing/.TinyTeX/texmf-dist/tex/latex/hyperref/nameref.sty (/home/xing/.TinyTeX/texmf-dist/tex/latex/refcount/refcount.sty) (/home/xing/.TinyTeX/texmf-dist/tex/generic/gettitlestring/gettitlestring.sty (/home/xing/.TinyTeX/texmf-dist/tex/latex/kvoptions/kvoptions.sty))) (/home/xing/.TinyTeX/texmf-dist/tex/latex/etoolbox/etoolbox.sty) (/home/xing/.TinyTeX/texmf-dist/tex/generic/stringenc/stringenc.sty) (/home/xing/.TinyTeX/texmf-dist/tex/latex/hyperref/pd1enc.def) (/home/xing/.TinyTeX/texmf-dist/tex/generic/intcalc/intcalc.sty) (/home/xing/.TinyTeX/texmf-dist/tex/latex/hyperref/puenc.def) (/home/xing/.TinyTeX/texmf-dist/tex/latex/url/url.sty) (/home/xing/.TinyTeX/texmf-dist/tex/generic/bitset/bitset.sty (/home/xing/.TinyTeX/texmf-dist/tex/generic/bigintcalc/bigintcalc.sty))) (/home/xing/.TinyTeX/texmf-dist/tex/latex/hyperref/hpdftex.def (/home/xing/.TinyTeX/texmf-dist/tex/latex/rerunfilecheck/rerunfilecheck.sty (/home/xing/.TinyTeX/texmf-dist/tex/generic/uniquecounter/uniquecounter.sty))) (./preamble.tex (/home/xing/.TinyTeX/texmf-dist/tex/latex/amsmath/amsmath.sty
For additional information on amsmath, use the `?' option.
(/home/xing/.TinyTeX/texmf-dist/tex/latex/amsmath/amstext.sty (/home/xing/.TinyTeX/texmf-dist/tex/latex/amsmath/amsgen.sty)) (/home/xing/.TinyTeX/texmf-dist/tex/latex/amsmath/amsbsy.sty) (/home/xing/.TinyTeX/texmf-dist/tex/latex/amsmath/amsopn.sty)) (/home/xing/.TinyTeX/texmf-dist/tex/latex/booktabs/booktabs.sty) (/home/xing/.TinyTeX/texmf-dist/tex/latex/float/float.sty)) (/home/xing/.TinyTeX/texmf-dist/tex/latex/graphics/graphicx.sty (/home/xing/.TinyTeX/texmf-dist/tex/latex/graphics/graphics.sty (/home/xing/.TinyTeX/texmf-dist/tex/latex/graphics/trig.sty) (/home/xing/.TinyTeX/texmf-dist/tex/latex/graphics-cfg/graphics.cfg) (/home/xing/.TinyTeX/texmf-dist/tex/latex/graphics-def/pdftex.def))) (/home/xing/.TinyTeX/texmf-dist/tex/latex/l3kernel/l3backend-pdftex.def) (./main.aux)
*geometry* driver: auto-detecting
*geometry* detected driver: pdftex
(/home/xing/.TinyTeX/texmf-dist/tex/context/base/mkii/supp-pdf.mkii
[Loading MPS to PDF converter (version 2006.09.02).]
) (/home/xing/.TinyTeX/texmf-dist/tex/latex/epstopdf-pkg/epstopdf-base.sty (/home/xing/.TinyTeX/texmf-dist/tex/latex/latexconfig/epstopdf-sys.cfg)) (/home/xing/.TinyTeX/texmf-dist/tex/latex/lm/ot1lmr.fd) (/home/xing/.TinyTeX/texmf-dist/tex/latex/lm/omllmm.fd) (/home/xing/.TinyTeX/texmf-dist/tex/latex/lm/omslmsy.fd) (/home/xing/.TinyTeX/texmf-dist/tex/latex/lm/omxlmex.fd) (/home/xing/.TinyTeX/texmf-dist/tex/latex/amsfonts/umsa.fd) (/home/xing/.TinyTeX/texmf-dist/tex/latex/amsfonts/umsb.fd) [1{/home/xing/.TinyTeX/texmf-var/fonts/map/pdftex/updmap/pdftex.map}{/home/xing/.TinyTeX/texmf-dist/fonts/enc/dvips/lm/lm-ec.enc}] (./p1.tex (/home/xing/.TinyTeX/texmf-dist/tex/latex/lm/t1lmtt.fd)

LaTeX Warning: Reference `p1:fig:q1' on page 2 undefined on input line 61.

[2{/home/xing/.TinyTeX/texmf-dist/fonts/enc/dvips/lm/lm-mathit.enc}{/home/xing/.TinyTeX/texmf-dist/fonts/enc/dvips/lm/lm-rm.enc}{/home/xing/.TinyTeX/texmf-dist/fonts/enc/dvips/lm/lm-mathsy.enc}{/home/xing/.TinyTeX/texmf-dist/fonts/enc/dvips/lm/lm-mathex.enc}]

LaTeX Warning: Reference `p1:fig:q1' on page 3 undefined on input line 73.

[3 <./fig_p1_q1_graph.pdf>]

LaTeX Warning: Reference `p1:fig:q2' on page 4 undefined on input line 123.


LaTeX Warning: Reference `p1:fig:q1' on page 4 undefined on input line 124.


LaTeX Warning: Reference `p1:fig:q1' on page 4 undefined on input line 133.


LaTeX Warning: Reference `p1:fig:q1' on page 4 undefined on input line 133.

) [4 <./fig_p1_q2_graph.pdf>] (./p2.tex [5]

LaTeX Warning: Reference `p2:fig:cc2' on page 6 undefined on input line 84.


LaTeX Warning: Reference `p2:fig:deg' on page 6 undefined on input line 107.

[6 <./fig_p2_cc2.pdf>]) [7 <./fig_p2_degree_dist.pdf>] (./p3.tex [8] [9]) [10] (./main.aux)

LaTeX Warning: There were undefined references.


LaTeX Warning: Label(s) may have changed. Rerun to get cross-references right.


Package rerunfilecheck Warning: File `main.out' has changed.
(rerunfilecheck)                Rerun to get outlines right
(rerunfilecheck)                or use package `bookmark'.

 )</home/xing/.TinyTeX/texmf-dist/fonts/type1/public/lm/lmbx10.pfb></home/xing/.TinyTeX/texmf-dist/fonts/type1/public/lm/lmbx12.pfb></home/xing/.TinyTeX/texmf-dist/fonts/type1/public/lm/lmex10.pfb></home/xing/.TinyTeX/texmf-dist/fonts/type1/public/lm/lmmi10.pfb></home/xing/.TinyTeX/texmf-dist/fonts/type1/public/lm/lmmi8.pfb></home/xing/.TinyTeX/texmf-dist/fonts/type1/public/lm/lmr10.pfb></home/xing/.TinyTeX/texmf-dist/fonts/type1/public/lm/lmr17.pfb></home/xing/.TinyTeX/texmf-dist/fonts/type1/public/lm/lmr8.pfb></home/xing/.TinyTeX/texmf-dist/fonts/type1/public/lm/lmri10.pfb></home/xing/.TinyTeX/texmf-dist/fonts/type1/public/lm/lmsy10.pfb></home/xing/.TinyTeX/texmf-dist/fonts/type1/public/lm/lmsy8.pfb></home/xing/.TinyTeX/texmf-dist/fonts/type1/public/lm/lmtt10.pfb>
Output written on main.pdf (10 pages, 295877 bytes).
Transcript written on main.log.
Latexmk: Getting log file 'main.log'
Latexmk: Examining 'main.fls'
Latexmk: Examining 'main.log'
Latexmk: References changed.
Latexmk: References changed.
Latexmk: Log file says output to 'main.pdf'
Latexmk: applying rule 'pdflatex'...
Rule 'pdflatex':  Reasons for rerun
Changed files or newly in use/created:
  main.aux
  main.out

------------
Run number 2 of rule 'pdflatex'
------------
------------
Running 'pdflatex  -interaction=nonstopmode -halt-on-error -recorder  "main.tex"'
------------
This is pdfTeX, Version 3.141592653-2.6-1.40.29 (TeX Live 2026) (preloaded format=pdflatex)
 restricted \write18 enabled.
entering extended mode
(./main.tex
LaTeX2e <2026-06-01>
L3 programming layer <2026-08-10>
(/home/xing/.TinyTeX/texmf-dist/tex/latex/base/article.cls
Document Class: article 2025/01/22 v1.4n Standard LaTeX document class
(/home/xing/.TinyTeX/texmf-dist/tex/latex/base/size11.clo)) (/home/xing/.TinyTeX/texmf-dist/tex/latex/lm/lmodern.sty) (/home/xing/.TinyTeX/texmf-dist/tex/latex/base/fontenc.sty (/home/xing/.TinyTeX/texmf-dist/tex/latex/lm/t1lmr.fd)) (/home/xing/.TinyTeX/texmf-dist/tex/latex/base/inputenc.sty) (/home/xing/.TinyTeX/texmf-dist/tex/latex/geometry/geometry.sty (/home/xing/.TinyTeX/texmf-dist/tex/latex/graphics/keyval.sty) (/home/xing/.TinyTeX/texmf-dist/tex/generic/iftex/ifvtex.sty (/home/xing/.TinyTeX/texmf-dist/tex/generic/iftex/iftex.sty))) (/home/xing/.TinyTeX/texmf-dist/tex/latex/amsfonts/amssymb.sty (/home/xing/.TinyTeX/texmf-dist/tex/latex/amsfonts/amsfonts.sty)) (/home/xing/.TinyTeX/texmf-dist/tex/latex/enumitem/enumitem.sty) (/home/xing/.TinyTeX/texmf-dist/tex/latex/caption/caption.sty (/home/xing/.TinyTeX/texmf-dist/tex/latex/caption/caption3.sty)) (/home/xing/.TinyTeX/texmf-dist/tex/latex/fancyhdr/fancyhdr.sty) (/home/xing/.TinyTeX/texmf-dist/tex/latex/hyperref/hyperref.sty (/home/xing/.TinyTeX/texmf-dist/tex/latex/kvsetkeys/kvsetkeys.sty) (/home/xing/.TinyTeX/texmf-dist/tex/generic/kvdefinekeys/kvdefinekeys.sty) (/home/xing/.TinyTeX/texmf-dist/tex/generic/pdfescape/pdfescape.sty (/home/xing/.TinyTeX/texmf-dist/tex/generic/ltxcmds/ltxcmds.sty) (/home/xing/.TinyTeX/texmf-dist/tex/generic/pdftexcmds/pdftexcmds.sty (/home/xing/.TinyTeX/texmf-dist/tex/generic/infwarerr/infwarerr.sty))) (/home/xing/.TinyTeX/texmf-dist/tex/latex/hycolor/hycolor.sty) (/home/xing/.TinyTeX/texmf-dist/tex/latex/hyperref/nameref.sty (/home/xing/.TinyTeX/texmf-dist/tex/latex/refcount/refcount.sty) (/home/xing/.TinyTeX/texmf-dist/tex/generic/gettitlestring/gettitlestring.sty (/home/xing/.TinyTeX/texmf-dist/tex/latex/kvoptions/kvoptions.sty))) (/home/xing/.TinyTeX/texmf-dist/tex/latex/etoolbox/etoolbox.sty) (/home/xing/.TinyTeX/texmf-dist/tex/generic/stringenc/stringenc.sty) (/home/xing/.TinyTeX/texmf-dist/tex/latex/hyperref/pd1enc.def) (/home/xing/.TinyTeX/texmf-dist/tex/generic/intcalc/intcalc.sty) (/home/xing/.TinyTeX/texmf-dist/tex/latex/hyperref/puenc.def) (/home/xing/.TinyTeX/texmf-dist/tex/latex/url/url.sty) (/home/xing/.TinyTeX/texmf-dist/tex/generic/bitset/bitset.sty (/home/xing/.TinyTeX/texmf-dist/tex/generic/bigintcalc/bigintcalc.sty))) (/home/xing/.TinyTeX/texmf-dist/tex/latex/hyperref/hpdftex.def (/home/xing/.TinyTeX/texmf-dist/tex/latex/rerunfilecheck/rerunfilecheck.sty (/home/xing/.TinyTeX/texmf-dist/tex/generic/uniquecounter/uniquecounter.sty))) (./preamble.tex (/home/xing/.TinyTeX/texmf-dist/tex/latex/amsmath/amsmath.sty
For additional information on amsmath, use the `?' option.
(/home/xing/.TinyTeX/texmf-dist/tex/latex/amsmath/amstext.sty (/home/xing/.TinyTeX/texmf-dist/tex/latex/amsmath/amsgen.sty)) (/home/xing/.TinyTeX/texmf-dist/tex/latex/amsmath/amsbsy.sty) (/home/xing/.TinyTeX/texmf-dist/tex/latex/amsmath/amsopn.sty)) (/home/xing/.TinyTeX/texmf-dist/tex/latex/booktabs/booktabs.sty) (/home/xing/.TinyTeX/texmf-dist/tex/latex/float/float.sty)) (/home/xing/.TinyTeX/texmf-dist/tex/latex/graphics/graphicx.sty (/home/xing/.TinyTeX/texmf-dist/tex/latex/graphics/graphics.sty (/home/xing/.TinyTeX/texmf-dist/tex/latex/graphics/trig.sty) (/home/xing/.TinyTeX/texmf-dist/tex/latex/graphics-cfg/graphics.cfg) (/home/xing/.TinyTeX/texmf-dist/tex/latex/graphics-def/pdftex.def))) (/home/xing/.TinyTeX/texmf-dist/tex/latex/l3kernel/l3backend-pdftex.def) (./main.aux)
*geometry* driver: auto-detecting
*geometry* detected driver: pdftex
(./main.out) (./main.out) (/home/xing/.TinyTeX/texmf-dist/tex/context/base/mkii/supp-pdf.mkii
[Loading MPS to PDF converter (version 2006.09.02).]
) (/home/xing/.TinyTeX/texmf-dist/tex/latex/epstopdf-pkg/epstopdf-base.sty (/home/xing/.TinyTeX/texmf-dist/tex/latex/latexconfig/epstopdf-sys.cfg)) (/home/xing/.TinyTeX/texmf-dist/tex/latex/lm/ot1lmr.fd) (/home/xing/.TinyTeX/texmf-dist/tex/latex/lm/omllmm.fd) (/home/xing/.TinyTeX/texmf-dist/tex/latex/lm/omslmsy.fd) (/home/xing/.TinyTeX/texmf-dist/tex/latex/lm/omxlmex.fd) (/home/xing/.TinyTeX/texmf-dist/tex/latex/amsfonts/umsa.fd) (/home/xing/.TinyTeX/texmf-dist/tex/latex/amsfonts/umsb.fd) [1{/home/xing/.TinyTeX/texmf-var/fonts/map/pdftex/updmap/pdftex.map}{/home/xing/.TinyTeX/texmf-dist/fonts/enc/dvips/lm/lm-ec.enc}] (./p1.tex (/home/xing/.TinyTeX/texmf-dist/tex/latex/lm/t1lmtt.fd) [2{/home/xing/.TinyTeX/texmf-dist/fonts/enc/dvips/lm/lm-mathit.enc}{/home/xing/.TinyTeX/texmf-dist/fonts/enc/dvips/lm/lm-rm.enc}{/home/xing/.TinyTeX/texmf-dist/fonts/enc/dvips/lm/lm-mathsy.enc}{/home/xing/.TinyTeX/texmf-dist/fonts/enc/dvips/lm/lm-mathex.enc}] [3 <./fig_p1_q1_graph.pdf>]) [4 <./fig_p1_q2_graph.pdf>] (./p2.tex [5] [6 <./fig_p2_cc2.pdf>]) [7 <./fig_p2_degree_dist.pdf>] (./p3.tex [8] [9]) [10] (./main.aux) )</home/xing/.TinyTeX/texmf-dist/fonts/type1/public/lm/lmbx10.pfb></home/xing/.TinyTeX/texmf-dist/fonts/type1/public/lm/lmbx12.pfb></home/xing/.TinyTeX/texmf-dist/fonts/type1/public/lm/lmex10.pfb></home/xing/.TinyTeX/texmf-dist/fonts/type1/public/lm/lmmi10.pfb></home/xing/.TinyTeX/texmf-dist/fonts/type1/public/lm/lmmi8.pfb></home/xing/.TinyTeX/texmf-dist/fonts/type1/public/lm/lmr10.pfb></home/xing/.TinyTeX/texmf-dist/fonts/type1/public/lm/lmr17.pfb></home/xing/.TinyTeX/texmf-dist/fonts/type1/public/lm/lmr8.pfb></home/xing/.TinyTeX/texmf-dist/fonts/type1/public/lm/lmri10.pfb></home/xing/.TinyTeX/texmf-dist/fonts/type1/public/lm/lmsy10.pfb></home/xing/.TinyTeX/texmf-dist/fonts/type1/public/lm/lmsy8.pfb></home/xing/.TinyTeX/texmf-dist/fonts/type1/public/lm/lmtt10.pfb>
Output written on main.pdf (10 pages, 295875 bytes).
Transcript written on main.log.
Latexmk: Getting log file 'main.log'
Latexmk: Examining 'main.fls'
Latexmk: Examining 'main.log'
Latexmk: Log file says output to 'main.pdf'
Latexmk: All targets (main.pdf) are up-to-date

