[2026-09-07 20:11:08] job cse60745_20260907_d29ddd created
[2026-09-07 20:11:08] ingesting input ...
[2026-09-07 20:11:09] ingest done: 1 document(s)
[2026-09-07 21:12:13] job cse60745_20260907_d29ddd created
[2026-09-07 21:12:13] ingesting input ...
[2026-09-07 21:12:14] ingest done: 1 document(s)
[2026-09-07 21:12:14] spawning master agent
[2026-09-07 21:19:34] p1: worker round 1
[2026-09-07 21:22:14] HEARTBEAT master running 10 min
[2026-09-07 21:29:34] HEARTBEAT p1 worker round 1 running 10 min
[2026-09-07 21:29:34] p1 worker r1: $4.58 (job total $4.58)
[2026-09-07 21:29:34] p1: worker round 1 rc=0
[2026-09-07 21:32:14] HEARTBEAT master running 20 min
[2026-09-07 21:34:10] p1 validator r1: $1.80 (job total $6.38)
[2026-09-07 21:34:10] p1: validator round 1 -> PASS
[2026-09-07 21:34:17] p2: worker round 1
[2026-09-07 21:40:03] p2 worker r1: $2.06 (job total $8.45)
[2026-09-07 21:40:03] p2: worker round 1 rc=0
[2026-09-07 21:42:14] HEARTBEAT master running 30 min
[2026-09-07 21:43:52] p2 validator r1: $1.57 (job total $10.01)
[2026-09-07 21:43:52] p2: validator round 1 -> PASS
[2026-09-07 21:43:58] p3: worker round 1
[2026-09-07 21:52:14] HEARTBEAT master running 40 min
[2026-09-07 21:53:58] HEARTBEAT p3 worker round 1 running 10 min
[2026-09-07 21:57:41] p3 worker r1: $2.62 (job total $12.63)
[2026-09-07 21:57:41] p3: worker round 1 rc=0
[2026-09-07 22:02:14] HEARTBEAT master running 50 min
[2026-09-07 22:03:55] p3 validator r1: $1.49 (job total $14.12)
[2026-09-07 22:03:55] p3: validator round 1 -> PASS
[2026-09-07 22:07:14] submitting to master validator (round 1)
[2026-09-07 22:12:14] HEARTBEAT master running 60 min
[2026-09-07 22:14:41] master validator r1: $2.76 (job total $16.88)
[2026-09-07 22:14:41] master validator round 1 -> PASS
[2026-09-07 22:16:13] submitting to master validator (round 2)
[2026-09-07 22:17:26] master validator r2: $1.74 (job total $18.63)
[2026-09-07 22:17:26] master validator round 2 -> FAIL
[2026-09-07 22:18:09] submitting to master validator (round 3)
[2026-09-07 22:18:11] master validator r3: $0.00 (job total $18.63)
[2026-09-07 22:18:11] master validator round 3 -> FAIL
[2026-09-07 22:18:28] despawned agent pid 2669988
[2026-09-07 22:18:28] master finished rc=-15
[2026-09-07 22:19:21] submitting to master validator (round 2)
[2026-09-07 22:29:21] HEARTBEAT master validator round 2 running 10 min
[2026-09-07 22:33:35] master validator r2: $1.32 (job total $19.95)
[2026-09-07 22:33:35] master validator round 2 -> PASS
