[2026-09-23 15:51:46] job cse60745_20260923_8654c1 created
[2026-09-23 15:51:46] ingesting input ...
[2026-09-23 15:51:47] ingest done: 1 document(s)
[2026-09-23 15:51:47] spawning master agent
[2026-09-23 15:55:24] p1: worker round 1
[2026-09-23 16:01:47] HEARTBEAT master running 10 min
[2026-09-23 16:05:24] HEARTBEAT p1 worker round 1 running 10 min
[2026-09-23 16:11:47] HEARTBEAT master running 20 min
[2026-09-23 16:15:24] HEARTBEAT p1 worker round 1 running 20 min
[2026-09-23 16:21:47] HEARTBEAT master running 30 min
[2026-09-23 16:25:24] HEARTBEAT p1 worker round 1 running 30 min
[2026-09-23 16:31:47] HEARTBEAT master running 40 min
[2026-09-23 16:35:24] HEARTBEAT p1 worker round 1 running 40 min
[2026-09-23 16:37:11] p1 worker r1: $16.81 (job total $16.81)
[2026-09-23 16:37:11] p1: worker round 1 rc=0
[2026-09-23 16:41:47] HEARTBEAT master running 50 min
[2026-09-23 16:46:56] p1 validator r1: $4.61 (job total $21.42)
[2026-09-23 16:46:56] p1: validator round 1 -> FAIL
[2026-09-23 16:46:56] p1: worker round 2
[2026-09-23 16:51:47] HEARTBEAT master running 60 min
[2026-09-23 16:52:37] p1 worker r2: $7.16 (job total $28.58)
[2026-09-23 16:52:37] p1: worker round 2 rc=0
[2026-09-23 16:55:50] p1 validator r2: $3.40 (job total $31.98)
[2026-09-23 16:55:50] p1: validator round 2 -> PASS
[2026-09-23 16:56:27] p2: worker round 1
[2026-09-23 17:01:47] HEARTBEAT master running 70 min
[2026-09-23 17:06:27] HEARTBEAT p2 worker round 1 running 10 min
[2026-09-23 17:11:47] HEARTBEAT master running 80 min
[2026-09-23 17:16:27] HEARTBEAT p2 worker round 1 running 20 min
[2026-09-23 17:21:47] HEARTBEAT master running 90 min
[2026-09-23 17:26:27] HEARTBEAT p2 worker round 1 running 30 min
[2026-09-23 17:31:47] HEARTBEAT master running 100 min
[2026-09-23 17:36:27] HEARTBEAT p2 worker round 1 running 40 min
[2026-09-23 17:41:47] HEARTBEAT master running 110 min
[2026-09-23 17:46:27] HEARTBEAT p2 worker round 1 running 50 min
[2026-09-23 17:50:33] p2 worker r1: $12.03 (job total $44.01)
[2026-09-23 17:50:33] p2: worker round 1 rc=0
[2026-09-23 17:51:47] HEARTBEAT master running 120 min
[2026-09-23 17:51:47] master finished rc=124
[2026-09-23 17:55:37] resume: cleared stale running flag on p2
[2026-09-23 17:55:37] resuming job cse60745_20260923_8654c1
[2026-09-23 17:55:37] spawning master agent (resumed)
[2026-09-23 17:56:48] p2: worker round 1
[2026-09-23 18:00:13] p2 worker r1: $1.76 (job total $45.77)
[2026-09-23 18:00:13] p2: worker round 1 rc=0
[2026-09-23 18:05:37] HEARTBEAT master running 10 min
[2026-09-23 18:08:36] p2 validator r1: $3.59 (job total $49.36)
[2026-09-23 18:08:36] p2: validator round 1 -> FAIL
[2026-09-23 18:08:36] p2: worker round 2
[2026-09-23 18:15:37] HEARTBEAT master running 20 min
[2026-09-23 18:18:36] HEARTBEAT p2 worker round 2 running 10 min
[2026-09-23 18:25:37] HEARTBEAT master running 30 min
[2026-09-23 18:28:36] HEARTBEAT p2 worker round 2 running 20 min
[2026-09-23 18:28:57] p2 worker r2: $12.27 (job total $61.63)
[2026-09-23 18:28:57] p2: worker round 2 rc=0
[2026-09-23 18:34:39] p2 validator r2: $2.83 (job total $64.46)
[2026-09-23 18:34:39] p2: validator round 2 -> FAIL
[2026-09-23 18:34:39] p2: worker round 3
[2026-09-23 18:35:37] HEARTBEAT master running 40 min
[2026-09-23 18:40:14] p2 worker r3: $5.50 (job total $69.95)
[2026-09-23 18:40:14] p2: worker round 3 rc=0
[2026-09-23 18:42:31] p2 validator r3: $2.88 (job total $72.83)
[2026-09-23 18:42:31] p2: validator round 3 -> PASS
[2026-09-23 18:44:03] submitting to master validator (round 1)
[2026-09-23 18:45:37] HEARTBEAT master running 50 min
[2026-09-23 18:54:03] HEARTBEAT master validator round 1 running 10 min
[2026-09-23 18:54:36] master validator r1: $6.44 (job total $79.28)
[2026-09-23 18:54:36] master validator round 1 -> PASS
[2026-09-23 18:55:37] HEARTBEAT master running 60 min
[2026-09-23 18:55:40] submitting to master validator (round 2)
[2026-09-23 18:58:22] master validator r2: $3.36 (job total $82.64)
[2026-09-23 18:58:22] master validator round 2 -> FAIL
[2026-09-23 18:59:03] submitting to master validator (round 3)
[2026-09-23 19:00:35] master validator r3: $3.20 (job total $85.84)
[2026-09-23 19:00:35] master validator round 3 -> PASS
[2026-09-23 19:01:05] master: $6.88 (job total $92.72)
[2026-09-23 19:01:05] master finished rc=0
