Rc files read (in order):
  NONE
Latexmk: This is Latexmk, John Collins, 9 March 2026. Version 4.88.
Latexmk: applying rule 'pdflatex'...
Rule 'pdflatex':  Reasons for rerun
Changed files or newly in use/created:
  p2.tex
Category 'changed_user':
  p2.tex

------------
Run number 1 of rule 'pdflatex'
------------
------------
Running 'pdflatex  -interaction=nonstopmode -halt-on-error -recorder  "main.tex"'
------------
This is pdfTeX, Version 3.141592653-2.6-1.40.29 (TeX Live 2026) (preloaded format=pdflatex)
 restricted \write18 enabled.
entering extended mode
(./main.tex
LaTeX2e <2026-06-01>
L3 programming layer <2026-08-10>
(/home/xing/.TinyTeX/texmf-dist/tex/latex/base/article.cls
Document Class: article 2025/01/22 v1.4n Standard LaTeX document class
(/home/xing/.TinyTeX/texmf-dist/tex/latex/base/size11.clo)) (/home/xing/.TinyTeX/texmf-dist/tex/latex/geometry/geometry.sty (/home/xing/.TinyTeX/texmf-dist/tex/latex/graphics/keyval.sty) (/home/xing/.TinyTeX/texmf-dist/tex/generic/iftex/ifvtex.sty (/home/xing/.TinyTeX/texmf-dist/tex/generic/iftex/iftex.sty))) (./preamble.tex (/home/xing/.TinyTeX/texmf-dist/tex/latex/lm/lmodern.sty) (/home/xing/.TinyTeX/texmf-dist/tex/latex/amsmath/amsmath.sty
For additional information on amsmath, use the `?' option.
(/home/xing/.TinyTeX/texmf-dist/tex/latex/amsmath/amstext.sty (/home/xing/.TinyTeX/texmf-dist/tex/latex/amsmath/amsgen.sty)) (/home/xing/.TinyTeX/texmf-dist/tex/latex/amsmath/amsbsy.sty) (/home/xing/.TinyTeX/texmf-dist/tex/latex/amsmath/amsopn.sty)) (/home/xing/.TinyTeX/texmf-dist/tex/latex/amsfonts/amssymb.sty (/home/xing/.TinyTeX/texmf-dist/tex/latex/amsfonts/amsfonts.sty)) (/home/xing/.TinyTeX/texmf-dist/tex/latex/booktabs/booktabs.sty) (/home/xing/.TinyTeX/texmf-dist/tex/latex/float/float.sty)) (/home/xing/.TinyTeX/texmf-dist/tex/latex/enumitem/enumitem.sty) (/home/xing/.TinyTeX/texmf-dist/tex/latex/lm/ot1lmr.fd) (/home/xing/.TinyTeX/texmf-dist/tex/latex/l3kernel/l3backend-pdftex.def) (./main.aux)
*geometry* driver: auto-detecting
*geometry* detected driver: pdftex
(/home/xing/.TinyTeX/texmf-dist/tex/latex/lm/ot1lmtt.fd) (/home/xing/.TinyTeX/texmf-dist/tex/latex/lm/omllmm.fd) (/home/xing/.TinyTeX/texmf-dist/tex/latex/lm/omslmsy.fd) (/home/xing/.TinyTeX/texmf-dist/tex/latex/lm/omxlmex.fd) (/home/xing/.TinyTeX/texmf-dist/tex/latex/amsfonts/umsa.fd) (/home/xing/.TinyTeX/texmf-dist/tex/latex/amsfonts/umsb.fd) (./p1.tex [1{/home/xing/.TinyTeX/texmf-var/fonts/map/pdftex/updmap/pdftex.map}{/home/xing/.TinyTeX/texmf-dist/fonts/enc/dvips/lm/lm-rm.enc}{/home/xing/.TinyTeX/texmf-dist/fonts/enc/dvips/lm/lm-rmtt.enc}{/home/xing/.TinyTeX/texmf-dist/fonts/enc/dvips/lm/lm-mathit.enc}{/home/xing/.TinyTeX/texmf-dist/fonts/enc/dvips/lm/lm-mathex.enc}{/home/xing/.TinyTeX/texmf-dist/fonts/enc/dvips/lm/lm-mathsy.enc}] [2]) (./p2.tex [3]) (./p3.tex [4] [5]) (./p4.tex [6] [7] [8]) [9] (./main.aux) )</home/xing/.TinyTeX/texmf-dist/fonts/type1/public/lm/lmbx10.pfb></home/xing/.TinyTeX/texmf-dist/fonts/type1/public/lm/lmbx12.pfb></home/xing/.TinyTeX/texmf-dist/fonts/type1/public/lm/lmex10.pfb></home/xing/.TinyTeX/texmf-dist/fonts/type1/public/lm/lmmi10.pfb></home/xing/.TinyTeX/texmf-dist/fonts/type1/public/lm/lmmi8.pfb></home/xing/.TinyTeX/texmf-dist/fonts/type1/public/lm/lmr10.pfb></home/xing/.TinyTeX/texmf-dist/fonts/type1/public/lm/lmr12.pfb></home/xing/.TinyTeX/texmf-dist/fonts/type1/public/lm/lmr17.pfb></home/xing/.TinyTeX/texmf-dist/fonts/type1/public/lm/lmr8.pfb></home/xing/.TinyTeX/texmf-dist/fonts/type1/public/lm/lmri10.pfb></home/xing/.TinyTeX/texmf-dist/fonts/type1/public/lm/lmsy10.pfb></home/xing/.TinyTeX/texmf-dist/fonts/type1/public/lm/lmsy8.pfb></home/xing/.TinyTeX/texmf-dist/fonts/type1/public/lm/lmtt10.pfb>
Output written on main.pdf (9 pages, 271031 bytes).
Transcript written on main.log.
Latexmk: Getting log file 'main.log'
Latexmk: Examining 'main.fls'
Latexmk: Examining 'main.log'
Latexmk: Log file says output to 'main.pdf'
Latexmk: applying rule 'pdflatex'...
Rule 'pdflatex':  Reasons for rerun
Changed files or newly in use/created:
  main.aux

------------
Run number 2 of rule 'pdflatex'
------------
------------
Running 'pdflatex  -interaction=nonstopmode -halt-on-error -recorder  "main.tex"'
------------
This is pdfTeX, Version 3.141592653-2.6-1.40.29 (TeX Live 2026) (preloaded format=pdflatex)
 restricted \write18 enabled.
entering extended mode
(./main.tex
LaTeX2e <2026-06-01>
L3 programming layer <2026-08-10>
(/home/xing/.TinyTeX/texmf-dist/tex/latex/base/article.cls
Document Class: article 2025/01/22 v1.4n Standard LaTeX document class
(/home/xing/.TinyTeX/texmf-dist/tex/latex/base/size11.clo)) (/home/xing/.TinyTeX/texmf-dist/tex/latex/geometry/geometry.sty (/home/xing/.TinyTeX/texmf-dist/tex/latex/graphics/keyval.sty) (/home/xing/.TinyTeX/texmf-dist/tex/generic/iftex/ifvtex.sty (/home/xing/.TinyTeX/texmf-dist/tex/generic/iftex/iftex.sty))) (./preamble.tex (/home/xing/.TinyTeX/texmf-dist/tex/latex/lm/lmodern.sty) (/home/xing/.TinyTeX/texmf-dist/tex/latex/amsmath/amsmath.sty
For additional information on amsmath, use the `?' option.
(/home/xing/.TinyTeX/texmf-dist/tex/latex/amsmath/amstext.sty (/home/xing/.TinyTeX/texmf-dist/tex/latex/amsmath/amsgen.sty)) (/home/xing/.TinyTeX/texmf-dist/tex/latex/amsmath/amsbsy.sty) (/home/xing/.TinyTeX/texmf-dist/tex/latex/amsmath/amsopn.sty)) (/home/xing/.TinyTeX/texmf-dist/tex/latex/amsfonts/amssymb.sty (/home/xing/.TinyTeX/texmf-dist/tex/latex/amsfonts/amsfonts.sty)) (/home/xing/.TinyTeX/texmf-dist/tex/latex/booktabs/booktabs.sty) (/home/xing/.TinyTeX/texmf-dist/tex/latex/float/float.sty)) (/home/xing/.TinyTeX/texmf-dist/tex/latex/enumitem/enumitem.sty) (/home/xing/.TinyTeX/texmf-dist/tex/latex/lm/ot1lmr.fd) (/home/xing/.TinyTeX/texmf-dist/tex/latex/l3kernel/l3backend-pdftex.def) (./main.aux)
*geometry* driver: auto-detecting
*geometry* detected driver: pdftex
(/home/xing/.TinyTeX/texmf-dist/tex/latex/lm/ot1lmtt.fd) (/home/xing/.TinyTeX/texmf-dist/tex/latex/lm/omllmm.fd) (/home/xing/.TinyTeX/texmf-dist/tex/latex/lm/omslmsy.fd) (/home/xing/.TinyTeX/texmf-dist/tex/latex/lm/omxlmex.fd) (/home/xing/.TinyTeX/texmf-dist/tex/latex/amsfonts/umsa.fd) (/home/xing/.TinyTeX/texmf-dist/tex/latex/amsfonts/umsb.fd) (./p1.tex [1{/home/xing/.TinyTeX/texmf-var/fonts/map/pdftex/updmap/pdftex.map}{/home/xing/.TinyTeX/texmf-dist/fonts/enc/dvips/lm/lm-rm.enc}{/home/xing/.TinyTeX/texmf-dist/fonts/enc/dvips/lm/lm-rmtt.enc}{/home/xing/.TinyTeX/texmf-dist/fonts/enc/dvips/lm/lm-mathit.enc}{/home/xing/.TinyTeX/texmf-dist/fonts/enc/dvips/lm/lm-mathex.enc}{/home/xing/.TinyTeX/texmf-dist/fonts/enc/dvips/lm/lm-mathsy.enc}] [2]) (./p2.tex [3]) (./p3.tex [4] [5]) (./p4.tex [6] [7] [8]) [9] (./main.aux) )</home/xing/.TinyTeX/texmf-dist/fonts/type1/public/lm/lmbx10.pfb></home/xing/.TinyTeX/texmf-dist/fonts/type1/public/lm/lmbx12.pfb></home/xing/.TinyTeX/texmf-dist/fonts/type1/public/lm/lmex10.pfb></home/xing/.TinyTeX/texmf-dist/fonts/type1/public/lm/lmmi10.pfb></home/xing/.TinyTeX/texmf-dist/fonts/type1/public/lm/lmmi8.pfb></home/xing/.TinyTeX/texmf-dist/fonts/type1/public/lm/lmr10.pfb></home/xing/.TinyTeX/texmf-dist/fonts/type1/public/lm/lmr12.pfb></home/xing/.TinyTeX/texmf-dist/fonts/type1/public/lm/lmr17.pfb></home/xing/.TinyTeX/texmf-dist/fonts/type1/public/lm/lmr8.pfb></home/xing/.TinyTeX/texmf-dist/fonts/type1/public/lm/lmri10.pfb></home/xing/.TinyTeX/texmf-dist/fonts/type1/public/lm/lmsy10.pfb></home/xing/.TinyTeX/texmf-dist/fonts/type1/public/lm/lmsy8.pfb></home/xing/.TinyTeX/texmf-dist/fonts/type1/public/lm/lmtt10.pfb>
Output written on main.pdf (9 pages, 271031 bytes).
Transcript written on main.log.
Latexmk: Getting log file 'main.log'
Latexmk: Examining 'main.fls'
Latexmk: Examining 'main.log'
Latexmk: Log file says output to 'main.pdf'
Latexmk: All targets (main.pdf) are up-to-date

