[2026-09-21 16:21:58] job hw_20260921_077701 created
[2026-09-21 16:21:58] ingesting input ...
[2026-09-21 16:22:00] ingest done: 1 document(s)
[2026-09-21 16:22:00] spawning master agent
[2026-09-21 16:27:10] p1: worker round 1
[2026-09-21 16:32:00] HEARTBEAT master running 10 min
[2026-09-21 16:33:38] p1 worker r1: $2.96 (job total $2.96)
[2026-09-21 16:33:38] p1: worker round 1 rc=0
[2026-09-21 16:36:57] p1 validator r1: $1.62 (job total $4.57)
[2026-09-21 16:36:57] p1: validator round 1 -> PASS
[2026-09-21 16:37:10] p2: worker round 1
[2026-09-21 16:41:01] p2 worker r1: $1.81 (job total $6.38)
[2026-09-21 16:41:01] p2: worker round 1 rc=0
[2026-09-21 16:42:00] HEARTBEAT master running 20 min
[2026-09-21 16:43:42] p2 validator r1: $1.20 (job total $7.58)
[2026-09-21 16:43:42] p2: validator round 1 -> PASS
[2026-09-21 16:43:44] p3: worker round 1
[2026-09-21 16:45:53] p3 worker r1: $0.93 (job total $8.51)
[2026-09-21 16:45:53] p3: worker round 1 rc=0
[2026-09-21 16:47:49] p3 validator r1: $0.73 (job total $9.24)
[2026-09-21 16:47:49] p3: validator round 1 -> FAIL
[2026-09-21 16:47:49] p3: worker round 2
[2026-09-21 16:48:27] p3 worker r2: $0.90 (job total $10.14)
[2026-09-21 16:48:27] p3: worker round 2 rc=0
[2026-09-21 16:49:21] p3 validator r2: $0.77 (job total $10.92)
[2026-09-21 16:49:21] p3: validator round 2 -> PASS
[2026-09-21 16:49:25] p4: worker round 1
[2026-09-21 16:52:00] HEARTBEAT master running 30 min
[2026-09-21 16:55:59] p4 worker r1: $3.28 (job total $14.20)
[2026-09-21 16:55:59] p4: worker round 1 rc=0
[2026-09-21 16:59:02] p4 validator r1: $1.14 (job total $15.34)
[2026-09-21 16:59:02] p4: validator round 1 -> PASS
[2026-09-21 16:59:05] p5: worker round 1
[2026-09-21 17:02:00] HEARTBEAT master running 40 min
[2026-09-21 17:09:05] HEARTBEAT p5 worker round 1 running 10 min
[2026-09-21 17:11:02] p5 worker r1: $7.30 (job total $22.64)
[2026-09-21 17:11:02] p5: worker round 1 rc=0
[2026-09-21 17:12:00] HEARTBEAT master running 50 min
[2026-09-21 17:15:40] p5 validator r1: $2.10 (job total $24.73)
[2026-09-21 17:15:40] p5: validator round 1 -> PASS
[2026-09-21 17:15:43] p6: worker round 1
[2026-09-21 17:22:00] HEARTBEAT master running 60 min
[2026-09-21 17:25:43] HEARTBEAT p6 worker round 1 running 10 min
[2026-09-21 17:28:14] p6 worker r1: $7.39 (job total $32.13)
[2026-09-21 17:28:14] p6: worker round 1 rc=0
[2026-09-21 17:32:00] HEARTBEAT master running 70 min
[2026-09-21 17:36:27] p6 validator r1: $3.98 (job total $36.11)
[2026-09-21 17:36:27] p6: validator round 1 -> FAIL
[2026-09-21 17:36:27] p6: worker round 2
[2026-09-21 17:41:02] p6 worker r2: $7.23 (job total $43.33)
[2026-09-21 17:41:02] p6: worker round 2 rc=0
[2026-09-21 17:42:00] HEARTBEAT master running 80 min
[2026-09-21 17:43:30] p6 validator r2: $2.55 (job total $45.89)
[2026-09-21 17:43:30] p6: validator round 2 -> PASS
[2026-09-21 17:45:24] submitting to master validator (round 1)
[2026-09-21 17:52:00] HEARTBEAT master running 90 min
[2026-09-21 17:54:45] master validator r1: $5.92 (job total $51.80)
[2026-09-21 17:54:45] master validator round 1 -> FAIL
[2026-09-21 17:59:45] submitting to master validator (round 2)
[2026-09-21 18:02:00] HEARTBEAT master running 100 min
[2026-09-21 18:02:37] master validator r2: $2.61 (job total $54.41)
[2026-09-21 18:02:37] master validator round 2 -> PASS
[2026-09-21 18:03:05] submitting to master validator (round 3)
[2026-09-21 18:04:33] master validator r3: $2.64 (job total $57.06)
[2026-09-21 18:04:33] master validator round 3 -> PASS
[2026-09-21 18:04:48] master: $9.83 (job total $66.89)
[2026-09-21 18:04:48] master finished rc=0
