[2026-09-07 23:17:19] job hw_20260907_f8533b created
[2026-09-07 23:17:19] ingesting input ...
[2026-09-07 23:17:19] ingest done: 1 document(s)
[2026-09-07 23:17:19] spawning master agent
[2026-09-07 23:21:42] p1: worker round 1
[2026-09-07 23:25:23] p1 worker r1: $1.44 (job total $1.44)
[2026-09-07 23:25:23] p1: worker round 1 rc=0
[2026-09-07 23:27:19] HEARTBEAT master running 10 min
[2026-09-07 23:29:15] p1 validator r1: $1.37 (job total $2.82)
[2026-09-07 23:29:15] p1: validator round 1 -> PASS
[2026-09-07 23:29:24] p2: worker round 1
[2026-09-07 23:31:41] p2 worker r1: $0.93 (job total $3.74)
[2026-09-07 23:31:41] p2: worker round 1 rc=0
[2026-09-07 23:34:03] p2 validator r1: $0.92 (job total $4.67)
[2026-09-07 23:34:03] p2: validator round 1 -> FAIL
[2026-09-07 23:34:03] p2: worker round 2
[2026-09-07 23:36:14] p2 worker r2: $1.28 (job total $5.95)
[2026-09-07 23:36:14] p2: worker round 2 rc=0
[2026-09-07 23:37:19] HEARTBEAT master running 20 min
[2026-09-07 23:38:25] p2 validator r2: $1.23 (job total $7.18)
[2026-09-07 23:38:25] p2: validator round 2 -> PASS
[2026-09-07 23:38:36] p3: worker round 1
[2026-09-07 23:42:13] p3 worker r1: $1.49 (job total $8.68)
[2026-09-07 23:42:13] p3: worker round 1 rc=0
[2026-09-07 23:44:52] p3 validator r1: $0.95 (job total $9.63)
[2026-09-07 23:44:52] p3: validator round 1 -> PASS
[2026-09-07 23:44:59] p4: worker round 1
[2026-09-07 23:47:19] HEARTBEAT master running 30 min
[2026-09-07 23:53:40] p4 worker r1: $2.84 (job total $12.47)
[2026-09-07 23:53:40] p4: worker round 1 rc=0
[2026-09-07 23:57:19] HEARTBEAT master running 40 min
[2026-09-07 23:57:21] p4 validator r1: $1.39 (job total $13.86)
[2026-09-07 23:57:21] p4: validator round 1 -> PASS
[2026-09-07 23:59:39] submitting to master validator (round 1)
[2026-09-08 00:03:16] master validator r1: $1.39 (job total $15.25)
[2026-09-08 00:03:16] master validator round 1 -> PASS
[2026-09-08 00:04:12] master: $7.24 (job total $22.49)
[2026-09-08 00:04:12] master finished rc=0
