[2026-09-09 21:06:41] job hw_20260909_1235d6 created
[2026-09-09 21:06:41] ingesting input ...
[2026-09-09 21:06:42] ingest done: 1 document(s)
[2026-09-09 21:06:42] spawning master agent
[2026-09-09 21:09:57] p1: worker round 1
[2026-09-09 21:15:00] p1 worker r1: $1.69 (job total $1.69)
[2026-09-09 21:15:00] p1: worker round 1 rc=0
[2026-09-09 21:16:42] HEARTBEAT master running 10 min
[2026-09-09 21:17:44] p1 validator r1: $0.94 (job total $2.63)
[2026-09-09 21:17:44] p1: validator round 1 -> PASS
[2026-09-09 21:17:46] p2: worker round 1
[2026-09-09 21:21:58] p2 worker r1: $1.34 (job total $3.97)
[2026-09-09 21:21:58] p2: worker round 1 rc=0
[2026-09-09 21:25:01] p2 validator r1: $1.12 (job total $5.09)
[2026-09-09 21:25:01] p2: validator round 1 -> PASS
[2026-09-09 21:25:04] p3: worker round 1
[2026-09-09 21:26:42] HEARTBEAT master running 20 min
[2026-09-09 21:35:04] HEARTBEAT p3 worker round 1 running 10 min
[2026-09-09 21:35:42] p3 worker r1: $4.81 (job total $9.91)
[2026-09-09 21:35:42] p3: worker round 1 rc=0
[2026-09-09 21:36:42] HEARTBEAT master running 30 min
[2026-09-09 21:40:45] p3 validator r1: $2.05 (job total $11.96)
[2026-09-09 21:40:45] p3: validator round 1 -> PASS
[2026-09-09 21:41:59] p4: worker round 1
[2026-09-09 21:46:42] HEARTBEAT master running 40 min
[2026-09-09 21:51:59] HEARTBEAT p4 worker round 1 running 10 min
[2026-09-09 21:53:45] p4 worker r1: $5.56 (job total $17.52)
[2026-09-09 21:53:45] p4: worker round 1 rc=0
[2026-09-09 21:56:42] HEARTBEAT master running 50 min
[2026-09-09 21:58:20] p4 validator r1: $2.27 (job total $19.79)
[2026-09-09 21:58:20] p4: validator round 1 -> FAIL
[2026-09-09 21:58:20] p4: worker round 2
[2026-09-09 22:02:11] p4 worker r2: $5.49 (job total $25.27)
[2026-09-09 22:02:11] p4: worker round 2 rc=0
[2026-09-09 22:04:16] p4 validator r2: $2.12 (job total $27.40)
[2026-09-09 22:04:16] p4: validator round 2 -> PASS
[2026-09-09 22:05:59] submitting to master validator (round 1)
[2026-09-09 22:06:42] HEARTBEAT master running 60 min
[2026-09-09 22:15:03] master validator r1: $7.69 (job total $35.09)
[2026-09-09 22:15:03] master validator round 1 -> PASS
[2026-09-09 22:16:42] HEARTBEAT master running 70 min
[2026-09-09 22:18:37] submitting to master validator (round 2)
[2026-09-09 22:23:32] master validator r2: $4.88 (job total $39.98)
[2026-09-09 22:23:32] master validator round 2 -> PASS
[2026-09-09 22:25:17] submitting to master validator (round 3)
[2026-09-09 22:26:42] HEARTBEAT master running 80 min
[2026-09-09 22:28:08] master validator r3: $3.66 (job total $43.64)
[2026-09-09 22:28:08] master validator round 3 -> PASS
[2026-09-09 22:28:32] master: $7.81 (job total $51.44)
[2026-09-09 22:28:32] master finished rc=0
